[grubwebservice.com/index.html]
[backblue.gif]
[fade.gif]
[index.html]
[grubwebservice.com/grubwebservice-favicon.png]
[grubwebservice.com/assets/css/bootstrap.min.css]
[grubwebservice.com/assets/css/animate.css]
[grubwebservice.com/assets/css/custom-animation.css]
[grubwebservice.com/assets/css/slick.css]
[grubwebservice.com/assets/css/flaticon.css]
[grubwebservice.com/assets/css/swiper-bundle.css]
[grubwebservice.com/assets/css/meanmenu.css]
[grubwebservice.com/assets/css/font-awesome-pro.css]
[grubwebservice.com/assets/css/magnific-popup.css]
[grubwebservice.com/assets/css/spacing.css]
[grubwebservice.com/assets/css/style.css]
[grubwebservice.com/index-2.html]
[grubwebservice.com/grubwebservice-logo.png]
[grubwebservice.com/services.html]
[grubwebservice.com/web-designing.html]
[grubwebservice.com/search-engine-optimization.html]
[grubwebservice.com/graphic-designing.html]
[grubwebservice.com/social-media-marketing.html]
[grubwebservice.com/app-development.html]
[grubwebservice.com/website-maintenance.html]
[grubwebservice.com/projects.html]
[grubwebservice.com/blogs.html]
[grubwebservice.com/about-us.html]
[grubwebservice.com/cdn-cgi/l/email-protection.html]
[grubwebservice.com/cdn-cgi/scripts/5c5dd728/cloudflare-static/email-decode.min.js]
[grubwebservice.com/contact.html]
[grubwebservice.com/assets/img/hero/hero-shape-4.png]
[grubwebservice.com/assets/img/hero/hero-shape-4.1.png]
[grubwebservice.com/assets/img/hero/hero-5.png]
[grubwebservice.com/assets/img/service/service-5.png]
[grubwebservice.com/assets/img/service/service-6.png]
[grubwebservice.com/assets/img/service/service-7.png]
[grubwebservice.com/social-media]
[grubwebservice.com/assets/img/news/news-2.png]
[grubwebservice.com/assets/img/creative/creative-circle-img.png]
[grubwebservice.com/assets/img/project/project-shape-2.png]
[grubwebservice.com/assets/img/project/project-shape-3.png]
[grubwebservice.com/assets/img/work/affinitysky.webp]
[grubwebservice.com/assets/img/work/aksharamevents.webp]
[grubwebservice.com/assets/img/work/bollywoodbeta.webp]
[grubwebservice.com/assets/img/work/graspex.webp]
[grubwebservice.com/assets/img/work/greenwatch.webp]
[grubwebservice.com/assets/img/work/grubhosting.webp]
[grubwebservice.com/assets/img/work/knits&knots.webp]
[grubwebservice.com/assets/img/work/resettleworldwide.webp]
[grubwebservice.com/assets/js/jquery.js]
[grubwebservice.com/assets/js/waypoints.js]
[grubwebservice.com/assets/js/bootstrap.bundle.min.js]
[grubwebservice.com/assets/js/swiper-bundle.js]
[grubwebservice.com/assets/js/slick.js]
[grubwebservice.com/assets/js/magnific-popup.js]
[grubwebservice.com/assets/js/counterup.js]
[grubwebservice.com/assets/js/wow.js]
[grubwebservice.com/assets/js/meanmenu.js]
[grubwebservice.com/assets/js/isotope-pkgd.js]
[grubwebservice.com/assets/js/imagesloaded-pkgd.js]
[grubwebservice.com/assets/js/charming.js]
[grubwebservice.com/assets/js/hover-reveal.js]
[grubwebservice.com/assets/js/tween-max.js]
[grubwebservice.com/assets/js/ajax-form.js]
[grubwebservice.com/index.html]
[grubwebservice.com/assets/css/bootstrap.min.css]
[grubwebservice.com/assets/css/animate.css]
[grubwebservice.com/assets/css/custom-animation.css]
[grubwebservice.com/assets/css/swiper-bundle.css]
[grubwebservice.com/assets/css/slick.css]
[grubwebservice.com/assets/js/main.js]
[grubwebservice.com/assets/fonts/flaticon.ttf]
[grubwebservice.com/assets/fonts/flaticon.woff]
[grubwebservice.com/assets/fonts/flaticon.eot]
[grubwebservice.com/assets/css/flaticon.css]
[grubwebservice.com/assets/css/meanmenu.css]
[grubwebservice.com/assets/fonts/flaticon.svg]
[grubwebservice.com/assets/fonts/fa-brands-400.eot]
[grubwebservice.com/assets/fonts/fa-brands-400-1.eot]
[grubwebservice.com/assets/fonts/fa-brands-400.woff2]
[grubwebservice.com/assets/fonts/fa-brands-400.woff]
[grubwebservice.com/assets/fonts/fa-brands-400.ttf]
[grubwebservice.com/assets/fonts/fa-brands-400.svg]
[grubwebservice.com/assets/fonts/fa-duotone-900.eot]
[grubwebservice.com/assets/fonts/fa-duotone-900-1.eot]
[grubwebservice.com/assets/fonts/fa-duotone-900.woff2]
[grubwebservice.com/assets/fonts/fa-duotone-900.woff]
[grubwebservice.com/assets/fonts/fa-duotone-900.ttf]
[grubwebservice.com/assets/fonts/fa-duotone-900.svg]
[grubwebservice.com/assets/fonts/fa-light-300.eot]
[grubwebservice.com/assets/fonts/fa-light-300-1.eot]
[grubwebservice.com/assets/fonts/fa-light-300.woff2]
[grubwebservice.com/assets/fonts/fa-light-300.woff]
[grubwebservice.com/assets/fonts/fa-light-300.ttf]
[grubwebservice.com/assets/fonts/fa-light-300.svg]
[grubwebservice.com/assets/fonts/fa-regular-400.eot]
[grubwebservice.com/assets/fonts/fa-regular-400-1.eot]
[grubwebservice.com/assets/fonts/fa-regular-400.woff2]
[grubwebservice.com/assets/fonts/fa-regular-400.woff]
[grubwebservice.com/assets/fonts/fa-regular-400.ttf]
[grubwebservice.com/assets/fonts/fa-regular-400.svg]
[grubwebservice.com/assets/fonts/fa-solid-900.eot]
[grubwebservice.com/assets/fonts/fa-solid-900-1.eot]
[grubwebservice.com/assets/fonts/fa-solid-900.woff2]
[grubwebservice.com/assets/fonts/fa-solid-900.woff]
[grubwebservice.com/assets/fonts/fa-solid-900.ttf]
[grubwebservice.com/assets/css/font-awesome-pro.css]
[grubwebservice.com/assets/css/magnific-popup.css]
[grubwebservice.com/assets/css/spacing.css]
[grubwebservice.com/assets/fonts/fa-solid-900.svg]
[grubwebservice.com/css2]
[grubwebservice.com/assets/img/breadcrum/header-bg.jpg]
[grubwebservice.com/assets/css/style.css]
[grubwebservice.com/index-2.html]
[grubwebservice.com/assets/img/breadcrum/ab-1.1.jpg]
[grubwebservice.com/assets/img/breadcrum/ab-shape-1.1.jpg]
[grubwebservice.com/assets/img/service/service-3.png]
[grubwebservice.com/assets/img/service/service-1.png]
[grubwebservice.com/assets/img/service/service-icon-4.png]
[grubwebservice.com/assets/img/service/service-11.png]
[grubwebservice.com/assets/img/service/service-8.png]
[grubwebservice.com/assets/img/service/service-9.png]
[grubwebservice.com/services.html]
[grubwebservice.com/assets/img/service/one.png]
[grubwebservice.com/assets/img/service/two.png]
[grubwebservice.com/assets/img/service/three.png]
[grubwebservice.com/assets/img/service/four.png]
[grubwebservice.com/web-designing.html]
[grubwebservice.com/search-engine-optimization.html]
[grubwebservice.com/social-media-marketing.html]
[grubwebservice.com/assets/img/service/five.png]
[grubwebservice.com/assets/img/service/six.png]
[grubwebservice.com/graphic-designing.html]
[grubwebservice.com/app-development.html]
[grubwebservice.com/website-maintenance.html]
[grubwebservice.com/projects.html]
[grubwebservice.com/blogs.html]
[grubwebservice.com/assets/img/about/about-us.png]
[grubwebservice.com/service-details.html]
[grubwebservice.com/about-us.html]
[grubwebservice.com/assets/img/contact/contact-1.jpg]
[grubwebservice.com/contact.html]
[grubwebservice.com/cdn-cgi/l/email-protection.html]
[grubwebservice.com/social-media.html]
[grubwebservice.com/assets/fonts/flaticon.svg]
[grubwebservice.com/assets/fonts/fa-brands-400.svg]
[grubwebservice.com/assets/fonts/fa-duotone-900.svg]
[grubwebservice.com/assets/fonts/fa-light-300.svg]
[grubwebservice.com/assets/fonts/fa-regular-400.svg]
[grubwebservice.com/assets/fonts/fa-solid-900.svg]
[grubwebservice.com/css2.html]
[grubwebservice.com/assets/img/breadcrum/ab-1.1.html]
[grubwebservice.com/service-details.html]
